// Jest Snapshot v1, https://goo.gl/fbAQLP

exports[`createResourceFromModel maps properties from an Airtable record 1`] = `
Resource {
  "address": "42 Wallaby Way, Sydney, S1",
  "coordinates": "51.5365,-0.0802",
  "currentProvision": "25",
  "description": "This is a description",
  "email": "a@gmail.com",
  "id": "dakjhksd8283",
  "name": "Resource name",
  "notes": "some notes",
  "openingTimes": "Mon-Fri",
  "postcode": "S1",
  "referralContact": "Adam",
  "selfReferral": "Yes",
  "tags": Array [],
  "telephone": "077 123456",
  "websites": Array [
    "https://www.example.com",
  ],
}
`;
